                               | TRAIN_____________________________| VALID_____________________________| 
MM/DD/YYYY HH/MM/SS    EPOCH   | LOSS       MSE_E      MSE_F       | LOSS       MSE_E      MSE_F       | LR   
--------------------------------------------------------------------------------------------------------------
03/24/2025 20:56:58    2       | 28.457     7.7037     0.20753     | 39.103     21.204     0.179       | 0.001
03/24/2025 20:57:12    4       | 24.643     7.4694     0.17173     | 35.175     18.93      0.16245     | 0.001
03/24/2025 20:57:27    6       | 23.667     7.4715     0.16196     | 33.338     17.764     0.15574     | 0.001
03/24/2025 20:57:42    8       | 22.663     7.1639     0.15499     | 32.002     17.011     0.14991     | 0.001
03/24/2025 20:57:57    10      | 21.424     6.6546     0.1477      | 29.866     15.41      0.14455     | 0.001
03/24/2025 20:58:12    12      | 20.353     6.0002     0.14353     | 27.728     13.513     0.14215     | 0.001
--------------------------------------------------------------------------------------------------------------

* NUMBER OF PARAMETERS: 
 - MODEL(TOTAL)   186176
 --- HIDDEN.      64x0e
 --- RADI. BASIS. 8

* SEED NUMBER:
 - DATA_SEED      10
 - INIT_SEED      11

* DATA INFO:
 - N(TRAIN)       693
 - N(VALID)       100
 - BATCH          16
 - CUTOFF         4.5
 - AVG. NEIGH.    60

* ELAPSED TIME:
 - 0 DAYS, 0 HOURS, 1 MINUTES, and 40 SECONDS
 -- DAYS          0.00115740741  
 -- HOURS         0.0277777778   
 -- MINUTES       1.66666667     
 -- SECONDS       100            

--------------------------------------------------------------------------------------------------------------
 
{'NN': {'cosine_sim': False,
        'data_seed': 10,
        'energy_grad_loss': True,
        'energy_grad_mult': 10,
        'enr_lambda': 1,
        'fname_pkl': 'model.pkl',
        'frc_lambda': 100,
        'init_seed': 11,
        'l2_lambda': 0.0,
        'learning_rate': 0.001,
        'loss_config': {'energy_loss': 'mse', 'force_loss': 'mse'},
        'nepoch': 30000,
        'nsave': 5,
        'restart': False,
        'weight_decay': 0.001},
 'active_fn': 'swish',
 'avg_num_neighbors': 60,
 'cueq_config': False,
 'cutoff': 4.5,
 'device': 'gpu',
 'element': 'auto',
 'features_dim': 64,
 'fname_traj': 'train.traj',
 'gpu-parallel': False,
 'hidden_channels': '64x0e',
 'log_config': {'lr': ['lr'],
                'step': ['date', 'epoch'],
                'train': ['loss', 'loss_e', 'loss_f'],
                'valid': ['loss', 'loss_e', 'loss_f']},
 'log_interval': 2,
 'log_length': 'simple',
 'max_ell': 2,
 'model': 'race',
 'nbatch': 16,
 'nlayers': 3,
 'ntest': 'valid.traj',
 'ntrain': 'train.traj',
 'num_radial_basis': 8,
 'num_species': 1,
 'output_channels': '1x0e',
 'pbc': True,
 'predict': {'fname_plog': 'predict.out',
             'fname_traj': 'test.traj',
             'model': 'model.pkl',
             'ndata': 'test.traj',
             'valid_tag': True},
 'regress_forces': True,
 'scheduler': {'lr_gamma': 0.1,
               'lr_init': 0.001,
               'max_steps': 30,
               'scheduler': 'ReduceLROnPlateau',
               'warmup_factor': 0.2,
               'warmup_steps': 10},
 'train': {'fname_log': 'loss_train.out'},
 'trainer': 'base'}
